// Jest Snapshot v1, https://goo.gl/fbAQLP

exports[`PullRequestModal Component should render 1`] = `
<body>
  <div>
    <div
      class="skz-modal svelte-10r7fla"
    >
      <div
        class="skz-modal-container svelte-10r7fla"
      >
        <div
          class="skz-modal-header skz-modal-header--show svelte-10r7fla"
        >
          <div
            slot="header"
          >
            <h1
              class="skz-PrModal__title svelte-1o3z7ds"
            >
              PR
            </h1>
             
            <p
              class="skz-PrModal__link svelte-1o3z7ds"
            >
              Voir sur Azure
            </p>
          </div>
        </div>
         
        <div
          class="skz-modal-body svelte-10r7fla"
        >
           
          <div
            class="skz-PrModal svelte-1o3z7ds"
          >
            <div
              class="skz-loader  svelte-18xowzd"
            >
              <div
                class="skz-spinner  svelte-18xowzd"
              />
            </div>
          </div>
        </div>
         
        <div
          class="skz-modal-footer  svelte-10r7fla"
        />
      </div>
    </div>
  </div>
</body>
`;
